Solved
         
         
         
         
        ^
 ^    ^ ^
^^  ^ ^^^
0xxx0x000
_________

