Solved B_1
FALSE TRUE FALSE FALSE FALSE FALSE TRUE 
Solved B_2
FALSE FALSE FALSE TRUE FALSE FALSE TRUE 
Failed solving B_3
FALSE FALSE FALSE TRUE FALSE FALSE UNSET 
Solved B_4
FALSE FALSE FALSE FALSE FALSE FALSE TRUE 
