Found model : TRUE TRUE TRUE TRUE TRUE FALSE FALSE FALSE FALSE FALSE 
Found model : TRUE TRUE TRUE TRUE FALSE FALSE FALSE FALSE FALSE FALSE 
Found model : TRUE TRUE TRUE FALSE TRUE FALSE FALSE FALSE FALSE FALSE 
Found model : TRUE TRUE TRUE FALSE FALSE FALSE FALSE FALSE FALSE FALSE 
Found model : TRUE TRUE FALSE TRUE TRUE FALSE FALSE FALSE FALSE FALSE 
Found model : TRUE TRUE FALSE TRUE FALSE FALSE FALSE FALSE FALSE FALSE 
Found model : TRUE TRUE FALSE FALSE TRUE FALSE FALSE FALSE FALSE FALSE 
Found model : TRUE TRUE FALSE FALSE FALSE FALSE FALSE FALSE FALSE FALSE 
Found model : TRUE FALSE TRUE TRUE TRUE FALSE FALSE FALSE FALSE FALSE 
Found model : TRUE FALSE TRUE TRUE FALSE FALSE FALSE FALSE FALSE FALSE 
Found model : TRUE FALSE TRUE FALSE TRUE FALSE FALSE FALSE FALSE FALSE 
Found model : TRUE FALSE TRUE FALSE FALSE FALSE FALSE FALSE FALSE FALSE 
Found model : TRUE FALSE FALSE TRUE TRUE FALSE FALSE FALSE FALSE FALSE 
Found model : TRUE FALSE FALSE TRUE FALSE FALSE FALSE FALSE FALSE FALSE 
Found model : TRUE FALSE FALSE FALSE TRUE FALSE FALSE FALSE FALSE FALSE 
Found model : TRUE FALSE FALSE FALSE FALSE FALSE FALSE FALSE FALSE FALSE 
Found model : FALSE TRUE TRUE TRUE TRUE FALSE FALSE FALSE FALSE FALSE 
Found model : FALSE TRUE TRUE TRUE FALSE FALSE FALSE FALSE FALSE FALSE 
Found model : FALSE TRUE TRUE FALSE TRUE FALSE FALSE FALSE FALSE FALSE 
Found model : FALSE TRUE TRUE FALSE FALSE FALSE FALSE FALSE FALSE FALSE 
Found model : FALSE TRUE FALSE TRUE TRUE FALSE FALSE FALSE FALSE FALSE 
Found model : FALSE TRUE FALSE TRUE FALSE FALSE FALSE FALSE FALSE FALSE 
Found model : FALSE TRUE FALSE FALSE TRUE FALSE FALSE FALSE FALSE FALSE 
Found model : FALSE TRUE FALSE FALSE FALSE FALSE FALSE FALSE FALSE FALSE 
Found model : FALSE FALSE TRUE TRUE TRUE FALSE FALSE FALSE FALSE FALSE 
Found model : FALSE FALSE TRUE TRUE FALSE FALSE FALSE FALSE FALSE FALSE 
Found model : FALSE FALSE TRUE FALSE TRUE FALSE FALSE FALSE FALSE FALSE 
Found model : FALSE FALSE TRUE FALSE FALSE FALSE FALSE FALSE FALSE FALSE 
Found model : FALSE FALSE FALSE TRUE TRUE FALSE FALSE FALSE FALSE FALSE 
Found model : FALSE FALSE FALSE TRUE FALSE FALSE FALSE FALSE FALSE FALSE 
Found model : FALSE FALSE FALSE FALSE TRUE FALSE FALSE FALSE FALSE FALSE 
Found model : FALSE FALSE FALSE FALSE FALSE FALSE FALSE FALSE FALSE FALSE 
Found 32 solutions.

