First iteration in theory check
Second iteration in theory check
An exception occurred while solving!
